// Jest Snapshot v1, https://goo.gl/fbAQLP

exports[`Should render ExpenseListItem 1`] = `
<DocumentFragment>
  <div>
    <a
      href="/edit/2"
    >
      <h3>
        Rent
      </h3>
    </a>
    <p>
      $40,000-August 6th, 2022
    </p>
    <small>
      For august
    </small>
  </div>
</DocumentFragment>
`;
