// Jest Snapshot v1, https://goo.gl/fbAQLP

exports[`Should render ExpenseListItem 1`] = `
<DocumentFragment>
  <div>
    <a
      href="/edit/2"
    >
      <h3>
        Rent
      </h3>
    </a>
    <h5>
      2
    </h5>
    <p>
      40000 - 1659787200000
    </p>
    <small>
      For august
    </small>
  </div>
</DocumentFragment>
`;
